2023-03-18T16:52:18.893871Z
2023-03-18T16:52:27.239677Z
2023-03-18T16:52:29.283548Z
